// Jest Snapshot v1, https://goo.gl/fbAQLP

exports[`pectin-core throws an error when no pkg.main supplied 1`] = `"required field 'main' missing in package.json"`;
